[50][30][40][70][80]
[50][30][20][40][70][80]
[50][30][20][40][80]
[50][30][20][40][80][70]
[50][30][20][40][70]
[50][30][20][40][70][80]
[60][30][20][40][70][80]
[60][30][40][70][80]
[60][30][20][40][70][80]
[60][30][20][40][80]
[60][30][20][40][80][70]
[60][30][20][40][70]
[60][30][20][40][70][80]
[65][30][20][40][70][80]
